// Jest Snapshot v1, https://goo.gl/fbAQLP

exports[`Header component unit tests should render header correctly 1`] = `
<div>
  <Connect(ExpensesSummary) />
  <Connect(ExpenseListFilters) />
  <Connect(ExpenseList) />
</div>
`;
