// Jest Snapshot v1, https://goo.gl/fbAQLP

exports[`Header component unit tests should render header correctly 1`] = `
<header>
  <h1>
    Expensify App
  </h1>
  <NavLink
    activeClassName="is-active"
    ariaCurrent="true"
    exact={true}
    to="/"
  >
     Home
  </NavLink>
  |
  <NavLink
    activeClassName="is-active"
    ariaCurrent="true"
    exact={true}
    to="/create"
  >
     Create
  </NavLink>
  |
  <NavLink
    activeClassName="is-active"
    ariaCurrent="true"
    exact={true}
    to="/help"
  >
     Help
  </NavLink>
  |
</header>
`;
