// Jest Snapshot v1, https://goo.gl/fbAQLP

exports[`ErrorNotFound component unit tests should render ErrorNotFound correctly 1`] = `
<div>
   The requested page couldn't be found try with another page
</div>
`;
